--- Startup times for process: Primary (or UI client) ---

times in msec
 clock   self+sourced   self:  sourced script
 clock   elapsed:              other lines

000.001  000.001: --- NVIM STARTING ---
000.112  000.111: event init
000.836  000.723: early init
001.667  000.831: locale set
001.721  000.054: init first window
003.551  001.831: inits 1
003.563  000.012: window checked
003.569  000.006: parsing arguments
004.688  000.264  000.264: require('vim.shared')
004.999  000.048  000.048: require('vim.inspect')
005.055  000.044  000.044: require('vim._options')
005.058  000.365  000.272: require('vim._editor')
005.059  000.682  000.054: require('vim._init_packages')
005.064  000.813: init lua interpreter
012.396  007.332: nvim_ui_attach
013.040  000.644: nvim_set_client_info
013.043  000.003: --- NVIM STARTED ---

--- Startup times for process: Embedded ---

times in msec
 clock   self+sourced   self:  sourced script
 clock   elapsed:              other lines

000.000  000.000: --- NVIM STARTING ---
000.067  000.067: event init
000.197  000.129: early init
000.657  000.460: locale set
000.684  000.027: init first window
001.070  000.386: inits 1
001.083  000.014: window checked
001.096  000.013: parsing arguments
001.545  000.040  000.040: require('vim.shared')
001.627  000.033  000.033: require('vim.inspect')
001.667  000.032  000.032: require('vim._options')
001.669  000.121  000.056: require('vim._editor')
001.670  000.191  000.029: require('vim._init_packages')
001.672  000.386: init lua interpreter
001.845  000.173: expanding arguments
001.855  000.009: inits 2
002.138  000.283: init highlight
002.139  000.001: waiting for UI
002.269  000.131: done waiting for UI
002.274  000.004: clear screen
002.430  000.032  000.032: require('vim.keymap')
003.448  000.167  000.167: sourcing nvim_exec2()
006.643  003.131  003.131: require('vim.termcap')
006.692  000.034  000.034: require('vim.text')
006.954  004.678  001.314: require('vim._defaults')
006.955  000.004: init default mappings & autocommands
007.331  000.171  000.171: sourcing /opt/homebrew/Cellar/neovim/0.11.4/share/nvim/runtime/ftplugin.vim
007.667  000.132  000.132: sourcing /opt/homebrew/Cellar/neovim/0.11.4/share/nvim/runtime/indent.vim
009.601  001.046  001.046: require('lazy')
009.630  000.011  000.011: require('ffi')
009.678  000.030  000.030: require('vim.fs')
010.039  000.359  000.359: require('vim.uri')
010.051  000.420  000.031: require('vim.loader')
010.836  000.763  000.763: require('lazy.stats')
011.661  000.645  000.645: require('lazy.core.util')
012.231  000.568  000.568: require('lazy.core.config')
013.129  000.375  000.375: require('lazy.core.handler')
014.944  000.940  000.940: require('lazy.pkg')
014.949  001.490  000.550: require('lazy.core.meta')
014.955  001.824  000.334: require('lazy.core.plugin')
014.962  002.729  000.530: require('lazy.core.loader')
015.474  000.397  000.397: require('lazy.core.fragments')
021.064  000.426  000.426: require('lazy.core.handler.keys')
021.432  000.365  000.365: require('lazy.core.handler.cmd')
022.149  000.295  000.295: require('lazy.core.handler.event')
022.151  000.717  000.422: require('lazy.core.handler.ft')
023.715  000.408  000.408: sourcing nvim_exec2() called at /opt/homebrew/Cellar/neovim/0.11.4/share/nvim/runtime/filetype.lua:0
023.718  000.813  000.405: sourcing /opt/homebrew/Cellar/neovim/0.11.4/share/nvim/runtime/filetype.lua
023.721  001.303  000.490: sourcing nvim_exec2() called at /Users/oliverkorber/nvimconfig/nvim/init.lua:0
024.047  000.002  000.002: sourcing nvim_exec2() called at /Users/oliverkorber/nvimconfig/nvim/init.lua:0
024.055  000.001  000.001: sourcing nvim_exec2() called at /Users/oliverkorber/nvimconfig/nvim/init.lua:0
025.370  001.307  001.307: require('catppuccin')
026.770  000.249  000.249: require('catppuccin.lib.hashing')
029.820  001.334  001.334: sourcing /Users/oliverkorber/.local/share/nvim/lazy/catppuccin/colors/catppuccin.vim
030.021  000.002  000.002: sourcing nvim_exec2() called at /Users/oliverkorber/nvimconfig/nvim/init.lua:0
030.030  000.001  000.001: sourcing nvim_exec2() called at /Users/oliverkorber/nvimconfig/nvim/init.lua:0
030.318  000.002  000.002: sourcing nvim_exec2() called at /Users/oliverkorber/nvimconfig/nvim/init.lua:0
030.325  000.001  000.001: sourcing nvim_exec2() called at /Users/oliverkorber/nvimconfig/nvim/init.lua:0
032.030  000.653  000.653: require('gitsigns')
032.554  000.501  000.501: require('gitsigns.highlight')
033.096  000.538  000.538: require('gitsigns.debug.log')
033.670  000.573  000.573: require('gitsigns.config')
034.294  000.341  000.341: require('gitsigns.debounce')
034.300  003.258  000.653: sourcing /Users/oliverkorber/.local/share/nvim/lazy/gitsigns.nvim/plugin/gitsigns.lua
034.303  003.307  000.049: sourcing nvim_exec2() called at /Users/oliverkorber/nvimconfig/nvim/init.lua:0
034.307  000.001  000.001: sourcing nvim_exec2() called at /Users/oliverkorber/nvimconfig/nvim/init.lua:0
034.315  000.001  000.001: sourcing nvim_exec2() called at /Users/oliverkorber/nvimconfig/nvim/init.lua:0
034.456  000.001  000.001: sourcing nvim_exec2() called at /Users/oliverkorber/nvimconfig/nvim/init.lua:0
034.461  000.001  000.001: sourcing nvim_exec2() called at /Users/oliverkorber/nvimconfig/nvim/init.lua:0
034.744  000.001  000.001: sourcing nvim_exec2() called at /Users/oliverkorber/nvimconfig/nvim/init.lua:0
034.749  000.001  000.001: sourcing nvim_exec2() called at /Users/oliverkorber/nvimconfig/nvim/init.lua:0
035.035  000.001  000.001: sourcing nvim_exec2() called at /Users/oliverkorber/nvimconfig/nvim/init.lua:0
035.041  000.001  000.001: sourcing nvim_exec2() called at /Users/oliverkorber/nvimconfig/nvim/init.lua:0
036.600  000.691  000.691: require('vim.filetype')
038.380  000.193  000.193: require('luasnip.util.types')
038.382  000.583  000.390: require('luasnip.util.ext_opts')
039.459  000.205  000.205: require('luasnip.util.lazy_table')
039.757  000.297  000.297: require('luasnip.extras.filetype_functions')
039.768  000.757  000.255: require('luasnip.default_config')
039.769  001.386  000.629: require('luasnip.session')
039.772  003.009  001.040: require('luasnip.config')
041.439  000.752  000.752: require('vim.version')
042.244  001.701  000.949: require('luasnip.util.vimversion')
042.249  002.188  000.486: require('luasnip.util.util')
042.830  000.170  000.170: require('luasnip.nodes.key_indexer')
042.989  000.158  000.158: require('luasnip.util.feedkeys')
043.026  000.776  000.449: require('luasnip.nodes.util')
043.671  000.264  000.264: require('luasnip.session.snippet_collection.source')
043.787  000.115  000.115: require('luasnip.util.table')
043.889  000.101  000.101: require('luasnip.util.auto_table')
043.893  000.866  000.386: require('luasnip.session.snippet_collection')
044.589  000.267  000.267: require('luasnip.util.select')
044.810  000.221  000.221: require('luasnip.util.time')
045.112  001.018  000.530: require('luasnip.util._builtin_vars')
045.131  001.238  000.220: require('luasnip.util.environ')
045.413  000.281  000.281: require('luasnip.util.extend_decorator')
046.270  000.253  000.253: require('luasnip.util.path')
046.933  000.424  000.424: require('luasnip.util.log')
046.936  000.666  000.242: require('luasnip.loaders.util')
047.106  000.003  000.003: require('vim.F')
047.109  000.172  000.169: require('luasnip.loaders.data')
047.809  000.700  000.700: require('luasnip.loaders.fs_watchers')
047.812  002.398  000.608: require('luasnip.loaders')
047.826  008.052  000.306: require('luasnip')
047.859  012.252  000.500: sourcing /Users/oliverkorber/.local/share/nvim/lazy/LuaSnip/plugin/luasnip.lua
047.862  012.297  000.045: sourcing nvim_exec2() called at /Users/oliverkorber/nvimconfig/nvim/init.lua:0
048.103  000.188  000.188: sourcing /Users/oliverkorber/.local/share/nvim/lazy/LuaSnip/plugin/luasnip.vim
048.105  000.238  000.050: sourcing nvim_exec2() called at /Users/oliverkorber/nvimconfig/nvim/init.lua:0
048.109  000.001  000.001: sourcing nvim_exec2() called at /Users/oliverkorber/nvimconfig/nvim/init.lua:0
048.116  000.001  000.001: sourcing nvim_exec2() called at /Users/oliverkorber/nvimconfig/nvim/init.lua:0
048.261  000.001  000.001: sourcing nvim_exec2() called at /Users/oliverkorber/nvimconfig/nvim/init.lua:0
048.267  000.001  000.001: sourcing nvim_exec2() called at /Users/oliverkorber/nvimconfig/nvim/init.lua:0
050.705  001.357  001.357: require('ibl.utils')
050.708  001.598  000.241: require('ibl.config')
051.032  000.102  000.102: require('ibl.indent')
051.035  000.327  000.225: require('ibl.hooks')
051.037  002.117  000.193: require('ibl.highlights')
051.232  000.194  000.194: require('ibl.autocmds')
051.420  000.188  000.188: require('ibl.inlay_hints')
051.614  000.193  000.193: require('ibl.virt_text')
052.564  000.276  000.276: require('ibl.scope_languages')
052.565  000.950  000.674: require('ibl.scope')
052.568  004.290  000.648: require('ibl')
052.919  000.319  000.319: require('vim.iter')
053.748  000.311  000.311: require('vim.lsp.log')
055.180  001.402  001.402: require('vim.lsp.protocol')
055.533  000.351  000.351: require('vim.lsp.util')
056.662  000.880  000.880: require('vim.lsp.sync')
056.670  001.135  000.255: require('vim.lsp._changetracking')
057.028  000.131  000.131: require('vim.lsp._transport')
057.038  000.366  000.236: require('vim.lsp.rpc')
057.080  004.114  000.549: require('vim.lsp')
057.590  000.283  000.283: require('vim.lsp.completion')
057.627  000.546  000.263: require('vim.lsp.handlers')
057.731  000.002  000.002: sourcing nvim_exec2() called at /Users/oliverkorber/nvimconfig/nvim/init.lua:0
057.738  000.001  000.001: sourcing nvim_exec2() called at /Users/oliverkorber/nvimconfig/nvim/init.lua:0
059.602  000.219  000.219: require('nvim-treesitter.utils')
062.687  000.279  000.279: require('vim.treesitter.language')
063.029  000.339  000.339: require('vim.func')
063.130  000.099  000.099: require('vim.func._memoize')
063.143  001.157  000.440: require('vim.treesitter.query')
063.237  000.093  000.093: require('vim.treesitter._range')
063.244  002.204  000.954: require('vim.treesitter.languagetree')
063.247  002.673  000.470: require('vim.treesitter')
063.693  004.090  001.417: require('nvim-treesitter.parsers')
064.348  000.094  000.094: require('nvim-treesitter.compat')
064.718  000.273  000.273: require('nvim-treesitter.ts_utils')
064.721  000.371  000.098: require('nvim-treesitter.tsrange')
064.809  000.088  000.088: require('nvim-treesitter.caching')
064.814  000.779  000.226: require('nvim-treesitter.query')
064.821  001.026  000.247: require('nvim-treesitter.configs')
064.822  001.128  000.101: require('nvim-treesitter.info')
064.925  000.102  000.102: require('nvim-treesitter.shell_command_selectors')
064.934  005.934  000.395: require('nvim-treesitter.install')
065.025  000.090  000.090: require('nvim-treesitter.statusline')
065.119  000.093  000.093: require('nvim-treesitter.query_predicates')
065.121  006.606  000.489: require('nvim-treesitter')
065.604  007.319  000.712: sourcing /Users/oliverkorber/.local/share/nvim/lazy/nvim-treesitter/plugin/nvim-treesitter.lua
065.606  007.360  000.042: sourcing nvim_exec2() called at /Users/oliverkorber/nvimconfig/nvim/init.lua:0
065.610  000.001  000.001: sourcing nvim_exec2() called at /Users/oliverkorber/nvimconfig/nvim/init.lua:0
065.616  000.001  000.001: sourcing nvim_exec2() called at /Users/oliverkorber/nvimconfig/nvim/init.lua:0
067.154  000.363  000.363: require('nvim-treesitter.indent')
067.457  000.205  000.205: require('nvim-treesitter.highlight')
067.856  000.001  000.001: sourcing nvim_exec2() called at /Users/oliverkorber/nvimconfig/nvim/init.lua:0
067.862  000.001  000.001: sourcing nvim_exec2() called at /Users/oliverkorber/nvimconfig/nvim/init.lua:0
069.569  000.783  000.783: require('cmp.utils.api')
070.030  000.175  000.175: require('cmp.types.cmp')
070.805  000.586  000.586: require('cmp.utils.misc')
070.837  000.805  000.219: require('cmp.types.lsp')
071.446  000.608  000.608: require('cmp.types.vim')
071.447  001.877  000.289: require('cmp.types')
071.631  000.183  000.183: require('cmp.utils.highlight')
072.552  000.731  000.731: require('cmp.utils.debug')
072.555  000.923  000.192: require('cmp.utils.autocmd')
072.773  000.004  000.004: sourcing nvim_exec2() called at /Users/oliverkorber/.local/share/nvim/lazy/nvim-cmp/plugin/cmp.lua:0
072.775  004.142  000.372: sourcing /Users/oliverkorber/.local/share/nvim/lazy/nvim-cmp/plugin/cmp.lua
072.777  004.385  000.243: sourcing nvim_exec2() called at /Users/oliverkorber/nvimconfig/nvim/init.lua:0
072.781  000.001  000.001: sourcing nvim_exec2() called at /Users/oliverkorber/nvimconfig/nvim/init.lua:0
072.790  000.001  000.001: sourcing nvim_exec2() called at /Users/oliverkorber/nvimconfig/nvim/init.lua:0
073.421  000.143  000.143: sourcing /Users/oliverkorber/.local/share/nvim/lazy/nvim-web-devicons/plugin/nvim-web-devicons.vim
073.423  000.191  000.048: sourcing nvim_exec2() called at /Users/oliverkorber/nvimconfig/nvim/init.lua:0
073.427  000.001  000.001: sourcing nvim_exec2() called at /Users/oliverkorber/nvimconfig/nvim/init.lua:0
073.434  000.001  000.001: sourcing nvim_exec2() called at /Users/oliverkorber/nvimconfig/nvim/init.lua:0
073.559  000.001  000.001: sourcing nvim_exec2() called at /Users/oliverkorber/nvimconfig/nvim/init.lua:0
073.564  000.001  000.001: sourcing nvim_exec2() called at /Users/oliverkorber/nvimconfig/nvim/init.lua:0
075.216  000.299  000.299: require('lualine_require')
075.849  002.089  001.790: require('lualine')
076.170  000.005  000.005: sourcing nvim_exec2() called at /Users/oliverkorber/nvimconfig/nvim/init.lua:0
077.534  000.317  000.317: require('catppuccin.utils.lualine')
077.827  000.291  000.291: require('catppuccin.palettes')
078.012  000.184  000.184: require('catppuccin.palettes.mocha')
078.523  000.004  000.004: sourcing nvim_exec2() called at /Users/oliverkorber/nvimconfig/nvim/init.lua:0
078.530  000.002  000.002: sourcing nvim_exec2() called at /Users/oliverkorber/nvimconfig/nvim/init.lua:0
078.535  000.002  000.002: sourcing nvim_exec2() called at /Users/oliverkorber/nvimconfig/nvim/init.lua:0
078.539  000.001  000.001: sourcing nvim_exec2() called at /Users/oliverkorber/nvimconfig/nvim/init.lua:0
078.544  000.002  000.002: sourcing nvim_exec2() called at /Users/oliverkorber/nvimconfig/nvim/init.lua:0
078.547  000.001  000.001: sourcing nvim_exec2() called at /Users/oliverkorber/nvimconfig/nvim/init.lua:0
078.551  000.001  000.001: sourcing nvim_exec2() called at /Users/oliverkorber/nvimconfig/nvim/init.lua:0
078.554  000.001  000.001: sourcing nvim_exec2() called at /Users/oliverkorber/nvimconfig/nvim/init.lua:0
078.558  000.002  000.002: sourcing nvim_exec2() called at /Users/oliverkorber/nvimconfig/nvim/init.lua:0
078.561  000.001  000.001: sourcing nvim_exec2() called at /Users/oliverkorber/nvimconfig/nvim/init.lua:0
078.565  000.001  000.001: sourcing nvim_exec2() called at /Users/oliverkorber/nvimconfig/nvim/init.lua:0
078.568  000.001  000.001: sourcing nvim_exec2() called at /Users/oliverkorber/nvimconfig/nvim/init.lua:0
078.572  000.001  000.001: sourcing nvim_exec2() called at /Users/oliverkorber/nvimconfig/nvim/init.lua:0
078.575  000.001  000.001: sourcing nvim_exec2() called at /Users/oliverkorber/nvimconfig/nvim/init.lua:0
078.578  000.001  000.001: sourcing nvim_exec2() called at /Users/oliverkorber/nvimconfig/nvim/init.lua:0
078.680  000.002  000.002: sourcing nvim_exec2() called at /Users/oliverkorber/nvimconfig/nvim/init.lua:0
078.685  000.001  000.001: sourcing nvim_exec2() called at /Users/oliverkorber/nvimconfig/nvim/init.lua:0
078.691  000.005  000.005: sourcing nvim_exec2() called at /Users/oliverkorber/nvimconfig/nvim/init.lua:0
081.209  000.208  000.208: require('lualine.utils.mode')
082.080  000.006  000.006: sourcing nvim_exec2() called at /Users/oliverkorber/nvimconfig/nvim/init.lua:0
082.084  000.002  000.002: sourcing nvim_exec2() called at /Users/oliverkorber/nvimconfig/nvim/init.lua:0
082.366  000.002  000.002: sourcing nvim_exec2() called at /Users/oliverkorber/nvimconfig/nvim/init.lua:0
082.377  000.002  000.002: sourcing nvim_exec2() called at /Users/oliverkorber/nvimconfig/nvim/init.lua:0
082.382  000.001  000.001: sourcing nvim_exec2() called at /Users/oliverkorber/nvimconfig/nvim/init.lua:0
082.427  000.002  000.002: sourcing nvim_exec2() called at /Users/oliverkorber/nvimconfig/nvim/init.lua:0
082.431  000.001  000.001: sourcing nvim_exec2() called at /Users/oliverkorber/nvimconfig/nvim/init.lua:0
082.437  000.001  000.001: sourcing nvim_exec2() called at /Users/oliverkorber/nvimconfig/nvim/init.lua:0
082.441  000.002  000.002: sourcing nvim_exec2() called at /Users/oliverkorber/nvimconfig/nvim/init.lua:0
082.446  000.001  000.001: sourcing nvim_exec2() called at /Users/oliverkorber/nvimconfig/nvim/init.lua:0
082.450  000.001  000.001: sourcing nvim_exec2() called at /Users/oliverkorber/nvimconfig/nvim/init.lua:0
082.453  000.001  000.001: sourcing nvim_exec2() called at /Users/oliverkorber/nvimconfig/nvim/init.lua:0
082.457  000.001  000.001: sourcing nvim_exec2() called at /Users/oliverkorber/nvimconfig/nvim/init.lua:0
082.484  000.001  000.001: sourcing nvim_exec2() called at /Users/oliverkorber/nvimconfig/nvim/init.lua:0
082.488  000.001  000.001: sourcing nvim_exec2() called at /Users/oliverkorber/nvimconfig/nvim/init.lua:0
082.492  000.001  000.001: sourcing nvim_exec2() called at /Users/oliverkorber/nvimconfig/nvim/init.lua:0
082.509  000.001  000.001: sourcing nvim_exec2() called at /Users/oliverkorber/nvimconfig/nvim/init.lua:0
082.512  000.001  000.001: sourcing nvim_exec2() called at /Users/oliverkorber/nvimconfig/nvim/init.lua:0
082.516  000.001  000.001: sourcing nvim_exec2() called at /Users/oliverkorber/nvimconfig/nvim/init.lua:0
082.519  000.001  000.001: sourcing nvim_exec2() called at /Users/oliverkorber/nvimconfig/nvim/init.lua:0
082.522  000.001  000.001: sourcing nvim_exec2() called at /Users/oliverkorber/nvimconfig/nvim/init.lua:0
082.525  000.001  000.001: sourcing nvim_exec2() called at /Users/oliverkorber/nvimconfig/nvim/init.lua:0
082.529  000.001  000.001: sourcing nvim_exec2() called at /Users/oliverkorber/nvimconfig/nvim/init.lua:0
082.788  000.008  000.008: sourcing nvim_exec2() called at /Users/oliverkorber/nvimconfig/nvim/init.lua:0
082.792  000.001  000.001: sourcing nvim_exec2() called at /Users/oliverkorber/nvimconfig/nvim/init.lua:0
082.795  000.001  000.001: sourcing nvim_exec2() called at /Users/oliverkorber/nvimconfig/nvim/init.lua:0
082.798  000.002  000.002: sourcing nvim_exec2() called at /Users/oliverkorber/nvimconfig/nvim/init.lua:0
083.569  000.002  000.002: sourcing nvim_exec2() called at /Users/oliverkorber/nvimconfig/nvim/init.lua:0
083.573  000.001  000.001: sourcing nvim_exec2() called at /Users/oliverkorber/nvimconfig/nvim/init.lua:0
083.576  000.001  000.001: sourcing nvim_exec2() called at /Users/oliverkorber/nvimconfig/nvim/init.lua:0
083.579  000.001  000.001: sourcing nvim_exec2() called at /Users/oliverkorber/nvimconfig/nvim/init.lua:0
083.582  000.001  000.001: sourcing nvim_exec2() called at /Users/oliverkorber/nvimconfig/nvim/init.lua:0
083.585  000.001  000.001: sourcing nvim_exec2() called at /Users/oliverkorber/nvimconfig/nvim/init.lua:0
083.588  000.001  000.001: sourcing nvim_exec2() called at /Users/oliverkorber/nvimconfig/nvim/init.lua:0
083.627  000.001  000.001: sourcing nvim_exec2() called at /Users/oliverkorber/nvimconfig/nvim/init.lua:0
083.630  000.001  000.001: sourcing nvim_exec2() called at /Users/oliverkorber/nvimconfig/nvim/init.lua:0
083.633  000.001  000.001: sourcing nvim_exec2() called at /Users/oliverkorber/nvimconfig/nvim/init.lua:0
083.636  000.001  000.001: sourcing nvim_exec2() called at /Users/oliverkorber/nvimconfig/nvim/init.lua:0
083.646  000.001  000.001: sourcing nvim_exec2() called at /Users/oliverkorber/nvimconfig/nvim/init.lua:0
083.649  000.001  000.001: sourcing nvim_exec2() called at /Users/oliverkorber/nvimconfig/nvim/init.lua:0
083.652  000.001  000.001: sourcing nvim_exec2() called at /Users/oliverkorber/nvimconfig/nvim/init.lua:0
083.657  000.001  000.001: sourcing nvim_exec2() called at /Users/oliverkorber/nvimconfig/nvim/init.lua:0
083.660  000.001  000.001: sourcing nvim_exec2() called at /Users/oliverkorber/nvimconfig/nvim/init.lua:0
083.663  000.001  000.001: sourcing nvim_exec2() called at /Users/oliverkorber/nvimconfig/nvim/init.lua:0
083.666  000.001  000.001: sourcing nvim_exec2() called at /Users/oliverkorber/nvimconfig/nvim/init.lua:0
083.669  000.001  000.001: sourcing nvim_exec2() called at /Users/oliverkorber/nvimconfig/nvim/init.lua:0
083.672  000.001  000.001: sourcing nvim_exec2() called at /Users/oliverkorber/nvimconfig/nvim/init.lua:0
083.675  000.001  000.001: sourcing nvim_exec2() called at /Users/oliverkorber/nvimconfig/nvim/init.lua:0
083.680  000.001  000.001: sourcing nvim_exec2() called at /Users/oliverkorber/nvimconfig/nvim/init.lua:0
083.683  000.001  000.001: sourcing nvim_exec2() called at /Users/oliverkorber/nvimconfig/nvim/init.lua:0
083.686  000.001  000.001: sourcing nvim_exec2() called at /Users/oliverkorber/nvimconfig/nvim/init.lua:0
083.689  000.001  000.001: sourcing nvim_exec2() called at /Users/oliverkorber/nvimconfig/nvim/init.lua:0
083.692  000.001  000.001: sourcing nvim_exec2() called at /Users/oliverkorber/nvimconfig/nvim/init.lua:0
083.696  000.001  000.001: sourcing nvim_exec2() called at /Users/oliverkorber/nvimconfig/nvim/init.lua:0
083.700  000.001  000.001: sourcing nvim_exec2() called at /Users/oliverkorber/nvimconfig/nvim/init.lua:0
086.810  000.005  000.005: sourcing nvim_exec2() called at /Users/oliverkorber/nvimconfig/nvim/init.lua:0
086.827  000.004  000.004: sourcing nvim_exec2() called at /Users/oliverkorber/nvimconfig/nvim/init.lua:0
086.836  000.006  000.006: sourcing nvim_exec2() called at /Users/oliverkorber/nvimconfig/nvim/init.lua:0
086.841  000.003  000.003: sourcing nvim_exec2() called at /Users/oliverkorber/nvimconfig/nvim/init.lua:0
086.845  000.003  000.003: sourcing nvim_exec2() called at /Users/oliverkorber/nvimconfig/nvim/init.lua:0
087.055  000.001  000.001: sourcing nvim_exec2() called at /Users/oliverkorber/nvimconfig/nvim/init.lua:0
087.060  000.001  000.001: sourcing nvim_exec2() called at /Users/oliverkorber/nvimconfig/nvim/init.lua:0
087.922  000.647  000.647: require('nvim-surround')
088.174  000.251  000.251: require('nvim-surround.config')
088.362  000.187  000.187: require('nvim-surround.input')
089.002  000.421  000.421: require('nvim-surround.buffer')
089.409  000.001  000.001: sourcing nvim_exec2() called at /Users/oliverkorber/nvimconfig/nvim/init.lua:0
089.414  000.001  000.001: sourcing nvim_exec2() called at /Users/oliverkorber/nvimconfig/nvim/init.lua:0
089.420  000.001  000.001: sourcing nvim_exec2() called at /Users/oliverkorber/nvimconfig/nvim/init.lua:0
089.426  000.001  000.001: sourcing nvim_exec2() called at /Users/oliverkorber/nvimconfig/nvim/init.lua:0
090.391  000.964  000.964: require('oil')
090.702  000.310  000.310: require('oil.ringbuf')
090.931  000.228  000.228: require('oil.config')
091.972  000.206  000.206: require('oil.log')
091.985  000.719  000.512: require('oil.fs')
093.587  000.217  000.217: require('oil.constants')
093.611  001.625  001.408: require('oil.util')
094.958  000.880  000.880: require('oil-git-status.system')
094.971  001.358  000.478: require('oil-git-status')
096.347  000.704  000.704: require('lspconfig.util')
096.357  000.890  000.185: sourcing /Users/oliverkorber/.local/share/nvim/lazy/nvim-lspconfig/plugin/lspconfig.lua
096.359  001.037  000.147: sourcing nvim_exec2() called at /Users/oliverkorber/nvimconfig/nvim/init.lua:0
096.365  000.001  000.001: sourcing nvim_exec2() called at /Users/oliverkorber/nvimconfig/nvim/init.lua:0
096.372  000.001  000.001: sourcing nvim_exec2() called at /Users/oliverkorber/nvimconfig/nvim/init.lua:0
097.116  000.120  000.120: sourcing /Users/oliverkorber/.local/share/nvim/lazy/plenary.nvim/plugin/plenary.vim
097.118  000.161  000.041: sourcing nvim_exec2() called at /Users/oliverkorber/nvimconfig/nvim/init.lua:0
097.121  000.001  000.001: sourcing nvim_exec2() called at /Users/oliverkorber/nvimconfig/nvim/init.lua:0
097.129  000.001  000.001: sourcing nvim_exec2() called at /Users/oliverkorber/nvimconfig/nvim/init.lua:0
097.596  000.301  000.301: sourcing /Users/oliverkorber/.local/share/nvim/lazy/telescope.nvim/plugin/telescope.lua
097.598  000.338  000.036: sourcing nvim_exec2() called at /Users/oliverkorber/nvimconfig/nvim/init.lua:0
097.601  000.001  000.001: sourcing nvim_exec2() called at /Users/oliverkorber/nvimconfig/nvim/init.lua:0
097.606  000.001  000.001: sourcing nvim_exec2() called at /Users/oliverkorber/nvimconfig/nvim/init.lua:0
099.276  000.386  000.386: require('telescope._extensions')
099.278  001.016  000.629: require('telescope')
100.977  000.372  000.372: require('plenary.bit')
101.280  000.301  000.301: require('plenary.functional')
101.310  001.098  000.424: require('plenary.path')
101.319  001.667  000.569: require('plenary.strings')
101.519  000.199  000.199: require('telescope.deprecated')
103.357  000.177  000.177: require('plenary.log')
103.408  000.357  000.179: require('telescope.log')
104.250  000.208  000.208: require('plenary.compat')
104.255  000.472  000.264: require('plenary.job')
104.484  000.211  000.211: require('telescope.state')
104.497  001.088  000.405: require('telescope.utils')
104.502  002.982  001.538: require('telescope.sorters')
105.627  006.348  001.499: require('telescope.config')
106.564  000.002  000.002: sourcing nvim_exec2() called at /Users/oliverkorber/nvimconfig/nvim/init.lua:0
106.578  000.001  000.001: sourcing nvim_exec2() called at /Users/oliverkorber/nvimconfig/nvim/init.lua:0
107.859  000.420  000.420: require('fidget.log')
107.869  001.125  000.705: require('fidget')
108.134  000.261  000.261: require('fidget.spinners')
108.141  000.003  000.003: sourcing nvim_exec2() called at /Users/oliverkorber/nvimconfig/nvim/init.lua:0
108.144  000.001  000.001: sourcing nvim_exec2() called at /Users/oliverkorber/nvimconfig/nvim/init.lua:0
108.152  000.007  000.007: sourcing nvim_exec2() called at /Users/oliverkorber/nvimconfig/nvim/init.lua:0
108.713  000.002  000.002: sourcing nvim_exec2() called at /Users/oliverkorber/nvimconfig/nvim/init.lua:0
108.719  000.001  000.001: sourcing nvim_exec2() called at /Users/oliverkorber/nvimconfig/nvim/init.lua:0
109.923  000.187  000.187: require('toggleterm.lazy')
110.115  000.190  000.190: require('toggleterm.constants')
110.762  000.646  000.646: require('toggleterm.terminal')
110.765  002.044  001.021: require('toggleterm')
111.006  000.102  000.102: require('toggleterm.colors')
111.223  000.216  000.216: require('toggleterm.utils')
111.227  000.461  000.142: require('toggleterm.config')
111.940  000.244  000.244: require('toggleterm.commandline')
112.852  000.562  000.562: sourcing /Users/oliverkorber/.local/share/nvim/lazy/conform.nvim/plugin/conform.lua
112.854  000.615  000.053: sourcing nvim_exec2() called at /Users/oliverkorber/nvimconfig/nvim/init.lua:0
112.857  000.001  000.001: sourcing nvim_exec2() called at /Users/oliverkorber/nvimconfig/nvim/init.lua:0
112.864  000.001  000.001: sourcing nvim_exec2() called at /Users/oliverkorber/nvimconfig/nvim/init.lua:0
114.244  000.197  000.197: require('Comment.config')
115.169  000.690  000.690: require('Comment.ft')
115.172  000.927  000.238: require('Comment.utils')
115.296  000.122  000.122: require('Comment.opfunc')
115.399  000.102  000.102: require('Comment.extra')
115.401  002.034  000.685: require('Comment.api')
115.428  002.197  000.163: sourcing /Users/oliverkorber/.local/share/nvim/lazy/Comment.nvim/plugin/Comment.lua
115.430  002.233  000.036: sourcing nvim_exec2() called at /Users/oliverkorber/nvimconfig/nvim/init.lua:0
115.434  000.001  000.001: sourcing nvim_exec2() called at /Users/oliverkorber/nvimconfig/nvim/init.lua:0
115.804  000.346  000.346: require('gitsigns.async')
115.878  000.440  000.094: sourcing nvim_exec2() called at /Users/oliverkorber/nvimconfig/nvim/init.lua:0
115.986  000.097  000.097: require('Comment')
116.060  000.001  000.001: sourcing nvim_exec2() called at /Users/oliverkorber/nvimconfig/nvim/init.lua:0
116.065  000.001  000.001: sourcing nvim_exec2() called at /Users/oliverkorber/nvimconfig/nvim/init.lua:0
117.562  000.201  000.201: require('lspconfig.async')
117.563  000.539  000.338: require('lspconfig.configs')
117.567  000.890  000.351: require('lspconfig')
118.355  000.786  000.786: require('lspconfig.configs.lemminx')
118.531  000.113  000.113: require('lspconfig.manager')
119.331  000.370  000.370: require('vim.lsp.buf')
119.332  000.798  000.428: require('user.hotfix')
120.296  000.335  000.335: require('mason-core.path')
121.415  000.094  000.094: require('mason-core.functional.data')
121.508  000.091  000.091: require('mason-core.functional.function')
121.690  000.179  000.179: require('mason-core.functional.list')
121.977  000.283  000.283: require('mason-core.functional.relation')
122.282  000.304  000.304: require('mason-core.functional.logic')
122.461  000.177  000.177: require('mason-core.functional.number')
122.994  000.530  000.530: require('mason-core.functional.string')
123.212  000.216  000.216: require('mason-core.functional.table')
123.388  000.163  000.163: require('mason-core.functional.type')
123.390  002.877  000.841: require('mason-core.functional')
123.408  003.111  000.234: require('mason-core.platform')
124.212  000.803  000.803: require('mason.settings')
124.214  004.547  000.298: require('mason-core.installer.InstallLocation')
124.539  000.111  000.111: require('mason-core.log')
124.541  000.207  000.096: require('mason-core.EventEmitter')
124.649  000.107  000.107: require('mason-registry.sources')
124.652  000.437  000.122: require('mason-registry')
124.653  005.320  000.337: require('mason')
125.038  000.235  000.235: require('mason.api.command')
125.826  000.219  000.219: require('mason-lspconfig.settings')
125.828  000.788  000.569: require('mason-lspconfig')
125.935  000.102  000.102: require('mason-core.async')
126.117  000.090  000.090: require('mason-core.async.control')
126.208  000.090  000.090: require('mason-core.result')
126.390  000.088  000.088: require('mason-core.async.uv')
126.393  000.184  000.097: require('mason-core.fs')
126.400  000.464  000.099: require('mason-registry.installer')
126.784  000.088  000.088: require('mason-core.optional')
128.204  000.907  000.907: require('mason-core.process')
128.413  000.208  000.208: require('mason-core.spawn')
128.415  001.429  000.314: require('mason-core.installer.managers.powershell')
128.699  000.284  000.284: require('mason.version')
128.701  001.916  000.203: require('mason-core.fetch')
128.894  000.192  000.192: require('mason-core.providers')
129.902  000.138  000.138: require('mason-core.purl')
129.906  000.246  000.109: require('mason-core.package.AbstractPackage')
130.926  000.191  000.191: require('mason-core.installer.compiler.expr')
130.929  000.399  000.208: require('mason-core.installer.compiler.link')
132.555  000.104  000.104: require('mason-core.installer.context.InstallContextCwd')
132.856  000.299  000.299: require('mason-core.installer.context.InstallContextFs')
133.064  000.207  000.207: require('mason-core.installer.context.InstallContextSpawn')
133.985  000.920  000.920: require('mason-core.receipt')
133.995  001.658  000.128: require('mason-core.installer.context')
133.996  001.757  000.099: require('mason-core.installer')
134.003  002.855  001.098: require('mason-core.installer.managers.std')
134.004  003.074  000.219: require('mason-core.installer.compiler.schemas')
134.125  000.120  000.120: require('mason-core.installer.compiler.util')
134.129  003.917  000.324: require('mason-core.installer.compiler')
134.247  000.117  000.117: require('mason-core.installer.linker')
134.249  004.343  000.309: require('mason-core.installer.InstallRunner')
134.357  000.107  000.107: require('mason-core.installer.UninstallRunner')
134.360  004.821  000.125: require('mason-core.package')
134.362  005.467  000.646: require('mason-registry.sources.util')
134.366  007.775  000.112: require('mason-registry.sources.github')
137.785  000.094  000.094: require('mason-lspconfig.mappings')
137.787  000.202  000.108: require('mason-lspconfig.features.automatic_enable')
144.115  000.126  000.126: require('mason-lspconfig.notify')
144.131  000.437  000.311: require('mason-lspconfig.api.command')
144.352  028.051  010.140: sourcing /Users/oliverkorber/.config/nvim/plugin/lsp.lua
144.357  028.091  000.039: sourcing nvim_exec2() called at /Users/oliverkorber/nvimconfig/nvim/init.lua:0
145.489  000.727  000.727: require('telescope.builtin')
145.501  000.924  000.197: sourcing /Users/oliverkorber/.config/nvim/plugin/telescope_toggle_case.lua
145.503  001.137  000.213: sourcing nvim_exec2() called at /Users/oliverkorber/nvimconfig/nvim/init.lua:0
146.487  000.942  000.942: sourcing /Users/oliverkorber/.config/nvim/plugin/theme.lua
146.489  000.979  000.037: sourcing nvim_exec2() called at /Users/oliverkorber/nvimconfig/nvim/init.lua:0
146.987  000.220  000.220: sourcing /opt/homebrew/Cellar/neovim/0.11.4/share/nvim/runtime/plugin/editorconfig.lua
146.989  000.267  000.047: sourcing nvim_exec2() called at /Users/oliverkorber/nvimconfig/nvim/init.lua:0
147.274  000.237  000.237: sourcing /opt/homebrew/Cellar/neovim/0.11.4/share/nvim/runtime/plugin/gzip.vim
147.297  000.301  000.064: sourcing nvim_exec2() called at /Users/oliverkorber/nvimconfig/nvim/init.lua:0
147.558  000.219  000.219: sourcing /opt/homebrew/Cellar/neovim/0.11.4/share/nvim/runtime/plugin/man.lua
147.560  000.260  000.040: sourcing nvim_exec2() called at /Users/oliverkorber/nvimconfig/nvim/init.lua:0
148.514  000.254  000.254: sourcing /opt/homebrew/Cellar/neovim/0.11.4/share/nvim/runtime/pack/dist/opt/matchit/plugin/matchit.vim
148.525  000.911  000.658: sourcing /opt/homebrew/Cellar/neovim/0.11.4/share/nvim/runtime/plugin/matchit.vim
148.526  000.951  000.040: sourcing nvim_exec2() called at /Users/oliverkorber/nvimconfig/nvim/init.lua:0
148.802  000.228  000.228: sourcing /opt/homebrew/Cellar/neovim/0.11.4/share/nvim/runtime/plugin/matchparen.vim
148.804  000.268  000.040: sourcing nvim_exec2() called at /Users/oliverkorber/nvimconfig/nvim/init.lua:0
149.146  000.287  000.287: sourcing /opt/homebrew/Cellar/neovim/0.11.4/share/nvim/runtime/plugin/netrwPlugin.vim
149.148  000.327  000.041: sourcing nvim_exec2() called at /Users/oliverkorber/nvimconfig/nvim/init.lua:0
149.378  000.184  000.184: sourcing /opt/homebrew/Cellar/neovim/0.11.4/share/nvim/runtime/plugin/osc52.lua
149.380  000.225  000.040: sourcing nvim_exec2() called at /Users/oliverkorber/nvimconfig/nvim/init.lua:0
149.648  000.207  000.207: sourcing /opt/homebrew/Cellar/neovim/0.11.4/share/nvim/runtime/plugin/rplugin.vim
149.649  000.247  000.040: sourcing nvim_exec2() called at /Users/oliverkorber/nvimconfig/nvim/init.lua:0
149.858  000.166  000.166: sourcing /opt/homebrew/Cellar/neovim/0.11.4/share/nvim/runtime/plugin/shada.vim
149.860  000.204  000.038: sourcing nvim_exec2() called at /Users/oliverkorber/nvimconfig/nvim/init.lua:0
150.595  000.689  000.689: sourcing /opt/homebrew/Cellar/neovim/0.11.4/share/nvim/runtime/plugin/spellfile.vim
150.596  000.731  000.043: sourcing nvim_exec2() called at /Users/oliverkorber/nvimconfig/nvim/init.lua:0
150.733  000.081  000.081: sourcing /opt/homebrew/Cellar/neovim/0.11.4/share/nvim/runtime/plugin/tarPlugin.vim
150.735  000.130  000.050: sourcing nvim_exec2() called at /Users/oliverkorber/nvimconfig/nvim/init.lua:0
151.022  000.233  000.233: sourcing /opt/homebrew/Cellar/neovim/0.11.4/share/nvim/runtime/plugin/tohtml.lua
151.024  000.279  000.046: sourcing nvim_exec2() called at /Users/oliverkorber/nvimconfig/nvim/init.lua:0
151.114  000.043  000.043: sourcing /opt/homebrew/Cellar/neovim/0.11.4/share/nvim/runtime/plugin/tutor.vim
151.115  000.086  000.043: sourcing nvim_exec2() called at /Users/oliverkorber/nvimconfig/nvim/init.lua:0
151.252  000.092  000.092: sourcing /opt/homebrew/Cellar/neovim/0.11.4/share/nvim/runtime/plugin/zipPlugin.vim
151.253  000.132  000.040: sourcing nvim_exec2() called at /Users/oliverkorber/nvimconfig/nvim/init.lua:0
153.452  000.356  000.356: require('cmp.utils.char')
153.460  000.850  000.493: require('cmp.utils.str')
154.870  000.361  000.361: require('cmp.utils.buffer')
154.881  001.173  000.812: require('cmp.utils.keymap')
154.882  001.422  000.248: require('cmp.utils.feedkeys')
155.317  000.121  000.121: require('cmp.config.mapping')
155.421  000.103  000.103: require('cmp.utils.cache')
155.892  000.249  000.249: require('cmp.config.compare')
156.545  000.651  000.651: require('cmp.config.window')
156.546  001.123  000.223: require('cmp.config.default')
156.556  001.516  000.168: require('cmp.config')
156.561  001.678  000.162: require('cmp.utils.async')
157.097  000.327  000.327: require('cmp.utils.pattern')
157.099  000.538  000.210: require('cmp.context')
158.880  000.382  000.382: require('cmp.utils.snippet')
158.996  000.115  000.115: require('cmp.matcher')
159.201  000.204  000.204: require('lspkind')
159.205  000.974  000.273: require('cmp.entry')
159.209  002.109  001.135: require('cmp.source')
159.426  000.107  000.107: require('cmp.utils.event')
160.833  001.007  001.007: require('cmp.utils.options')
160.836  001.300  000.293: require('cmp.utils.window')
160.838  001.411  000.111: require('cmp.view.docs_view')
161.106  000.267  000.267: require('cmp.view.custom_entries_view')
161.235  000.128  000.128: require('cmp.view.wildmenu_entries_view')
161.354  000.118  000.118: require('cmp.view.native_entries_view')
161.471  000.116  000.116: require('cmp.view.ghost_text_view')
161.475  002.265  000.118: require('cmp.view')
161.932  009.750  000.889: require('cmp.core')
162.090  000.116  000.116: require('cmp.config.sources')
162.139  010.412  000.546: require('cmp')
162.417  000.277  000.277: require('cmp_luasnip')
162.436  010.958  000.269: sourcing /Users/oliverkorber/.local/share/nvim/lazy/cmp_luasnip/after/plugin/cmp_luasnip.lua
162.439  010.998  000.040: sourcing nvim_exec2() called at /Users/oliverkorber/nvimconfig/nvim/init.lua:0
163.064  000.542  000.542: sourcing /Users/oliverkorber/.local/share/nvim/lazy/indent-blankline.nvim/after/plugin/commands.lua
163.066  000.589  000.047: sourcing nvim_exec2() called at /Users/oliverkorber/nvimconfig/nvim/init.lua:0
164.977  000.116  000.116: require('cmp_buffer.timer')
164.979  000.245  000.130: require('cmp_buffer.buffer')
164.981  001.345  001.100: require('cmp_buffer.source')
164.982  001.565  000.220: require('cmp_buffer')
164.992  001.851  000.285: sourcing /Users/oliverkorber/.local/share/nvim/lazy/cmp-buffer/after/plugin/cmp_buffer.lua
164.994  001.897  000.047: sourcing nvim_exec2() called at /Users/oliverkorber/nvimconfig/nvim/init.lua:0
166.299  000.875  000.875: require('cmp_nvim_lsp.source')
166.301  001.047  000.173: require('cmp_nvim_lsp')
166.306  001.239  000.192: sourcing /Users/oliverkorber/.local/share/nvim/lazy/cmp-nvim-lsp/after/plugin/cmp_nvim_lsp.lua
166.308  001.283  000.043: sourcing nvim_exec2() called at /Users/oliverkorber/nvimconfig/nvim/init.lua:0
166.585  000.130  000.130: require('cmp_path')
166.608  000.224  000.094: sourcing /Users/oliverkorber/.local/share/nvim/lazy/cmp-path/after/plugin/cmp_path.lua
166.609  000.268  000.045: sourcing nvim_exec2() called at /Users/oliverkorber/nvimconfig/nvim/init.lua:0
166.874  000.191  000.191: sourcing /Users/oliverkorber/.config/nvim/after/plugin/highlights.lua
166.876  000.230  000.039: sourcing nvim_exec2() called at /Users/oliverkorber/nvimconfig/nvim/init.lua:0
172.054  001.998  001.998: require('lspconfig.configs.ts_ls')
172.444  000.336  000.336: require('lspconfig.configs.html')
172.809  000.329  000.329: require('lspconfig.configs.cssls')
173.063  000.208  000.208: require('lspconfig.configs.jsonls')
173.887  000.764  000.764: require('lspconfig.configs.eslint')
174.094  000.120  000.120: require('lspconfig.configs.emmet_ls')
174.737  000.328  000.328: require('luasnip.session.enqueueable_operations')
175.984  000.324  000.324: require('luasnip.util.events')
175.990  000.572  000.248: require('luasnip.nodes.node')
176.257  000.267  000.267: require('luasnip.nodes.insertNode')
176.385  000.127  000.127: require('luasnip.nodes.textNode')
176.501  000.115  000.115: require('luasnip.util.mark')
176.612  000.110  000.110: require('luasnip.util.pattern_tokenizer')
176.719  000.106  000.106: require('luasnip.util.dict')
178.846  000.213  000.213: require('jsregexp.core')
178.849  000.460  000.247: require('luasnip-jsregexp')
178.876  002.043  001.583: require('luasnip.util.jsregexp')
178.877  002.156  000.113: require('luasnip.nodes.util.trig_engines')
178.905  003.902  000.449: require('luasnip.nodes.snippet')
179.428  000.113  000.113: require('luasnip.util.parser.neovim_ast')
179.543  000.114  000.114: require('luasnip.util.str')
179.749  000.205  000.205: require('luasnip.util.directed_graph')
179.751  000.595  000.164: require('luasnip.util.parser.ast_utils')
179.869  000.117  000.117: require('luasnip.nodes.functionNode')
180.114  000.243  000.243: require('luasnip.nodes.choiceNode')
180.313  000.198  000.198: require('luasnip.nodes.dynamicNode')
180.579  000.266  000.266: require('luasnip.util.functions')
180.582  001.676  000.257: require('luasnip.util.parser.ast_parser')
180.834  000.251  000.251: require('luasnip.util.parser.neovim_parser')
180.837  006.098  000.269: require('luasnip.util.parser')
181.065  000.227  000.227: require('luasnip.nodes.snippetProxy')
181.981  000.897  000.897: require('luasnip.util.jsonc')
182.267  000.114  000.114: require('luasnip.nodes.duplicate')
182.268  000.286  000.172: require('luasnip.loaders.snippet_cache')
182.272  008.149  000.312: require('luasnip.loaders.from_vscode')
182.993  000.003  000.003: sourcing nvim_exec2() called at /Users/oliverkorber/nvimconfig/nvim/init.lua:0
182.999  000.001  000.001: sourcing nvim_exec2() called at /Users/oliverkorber/nvimconfig/nvim/init.lua:0
183.805  000.195  000.195: require('nvim-autopairs._log')
184.142  000.336  000.336: require('nvim-autopairs.utils')
184.715  000.155  000.155: require('nvim-autopairs.conds')
184.718  000.371  000.217: require('nvim-autopairs.rule')
184.719  000.576  000.205: require('nvim-autopairs.rules.basic')
184.723  001.597  000.490: require('nvim-autopairs')
185.108  000.380  000.380: require('nvim-autopairs.fastwrap')
186.542  001.061  001.061: require('nvim-autopairs.ts-conds')
186.544  001.291  000.229: require('nvim-autopairs.rules.ts_basic')
187.084  000.540  000.540: require('vim.treesitter.highlighter')
187.463  004.590  000.780: require('nvim-autopairs')
188.174  000.114  000.114: require('nvim-autopairs.completion.handlers')
188.177  000.391  000.277: require('nvim-autopairs.completion.cmp')
188.534  000.354  000.354: require('conform')
190.885  001.484  001.484: require('fzf_lib')
190.887  001.813  000.329: require('telescope._extensions.fzf')
191.682  000.775  000.775: require('vim.diagnostic')
191.701  183.884  037.874: sourcing /Users/oliverkorber/.config/nvim/init.lua
191.709  000.567: sourcing vimrc file(s)
191.941  000.030  000.030: sourcing /opt/homebrew/Cellar/neovim/0.11.4/share/nvim/runtime/filetype.lua
193.011  000.187  000.187: sourcing /opt/homebrew/Cellar/neovim/0.11.4/share/nvim/runtime/syntax/synload.vim
193.054  000.611  000.423: sourcing /opt/homebrew/Cellar/neovim/0.11.4/share/nvim/runtime/syntax/syntax.vim
193.060  000.711: inits 3
194.669  001.609: reading ShaDa
196.173  000.422  000.422: require('luasnip.loaders.from_lua')
196.492  000.317  000.317: require('luasnip.loaders.from_snipmate')
196.587  001.178: opening buffers
196.685  000.098: BufEnter autocommands
196.687  000.002: editing files in windows
196.740  000.053: VimEnter autocommands
196.912  000.173: UIEnter autocommands
198.790  000.285  000.285: sourcing /opt/homebrew/Cellar/neovim/0.11.4/share/nvim/runtime/autoload/provider/clipboard.vim
198.794  001.597: before starting main loop
198.905  000.111: first screen update
198.906  000.001: --- NVIM STARTED ---

